[2026-07-27 17:45:04] [SYSTEM] NeelX Starting...
[2026-07-27 17:45:04] [INFO] Loading Modules
[2026-07-27 17:45:04] [SUCCESS] Logger Initialized Successfully
[2026-07-27 17:45:04] [ANDROID] Android Module Ready
[2026-07-27 17:45:04] [VOICE] Voice Module Loaded
[2026-07-27 17:45:04] [GESTURE] Gesture Engine Loaded
[2026-07-27 17:45:04] [VISION] Vision Engine Loaded
[2026-07-27 17:45:04] [AUTOMATION] Automation Engine Loaded
[2026-07-27 17:51:19] [SYSTEM] NeelX Starting...
[2026-07-27 17:51:19] [INFO] Loading Modules
[2026-07-27 17:51:19] [SUCCESS] Logger Initialized Successfully
[2026-07-27 17:51:19] [ANDROID] Android Module Ready
[2026-07-27 17:51:19] [VOICE] Voice Module Loaded
[2026-07-27 17:51:19] [GESTURE] Gesture Engine Loaded
[2026-07-27 17:51:19] [VISION] Vision Engine Loaded
[2026-07-27 17:51:19] [AUTOMATION] Automation Engine Loaded
[2026-07-27 18:18:40] [INFO] Settings loaded.
[2026-07-27 18:18:40] [SYSTEM] NeelX Starting...
[2026-07-27 18:18:40] [INFO] Loading Modules
[2026-07-27 18:18:40] [SUCCESS] Logger Initialized Successfully
[2026-07-27 18:18:40] [ANDROID] Android Module Ready
[2026-07-27 18:18:40] [VOICE] Voice Module Loaded
[2026-07-27 18:18:40] [GESTURE] Gesture Engine Loaded
[2026-07-27 18:18:40] [VISION] Vision Engine Loaded
[2026-07-27 18:18:40] [AUTOMATION] Automation Engine Loaded
[2026-07-27 18:25:36] [INFO] Subscribed -> system_start
[2026-07-27 18:25:36] [INFO] Event -> system_start
[2026-07-27 18:25:36] [INFO] Settings loaded.
[2026-07-27 18:25:36] [SYSTEM] NeelX Starting...
[2026-07-27 18:25:36] [INFO] Loading Modules
[2026-07-27 18:25:36] [SUCCESS] Logger Initialized Successfully
[2026-07-27 18:25:36] [ANDROID] Android Module Ready
[2026-07-27 18:25:36] [VOICE] Voice Module Loaded
[2026-07-27 18:25:36] [GESTURE] Gesture Engine Loaded
[2026-07-27 18:25:36] [VISION] Vision Engine Loaded
[2026-07-27 18:25:36] [AUTOMATION] Automation Engine Loaded
[2026-07-27 18:29:08] [INFO] Settings loaded.
[2026-07-27 18:29:08] [SYSTEM] NeelX Starting...
[2026-07-27 18:29:08] [INFO] Loading Modules
[2026-07-27 18:29:08] [SUCCESS] Logger Initialized Successfully
[2026-07-27 18:29:08] [ANDROID] Android Module Ready
[2026-07-27 18:29:08] [VOICE] Voice Module Loaded
[2026-07-27 18:29:08] [GESTURE] Gesture Engine Loaded
[2026-07-27 18:29:08] [VISION] Vision Engine Loaded
[2026-07-27 18:29:08] [AUTOMATION] Automation Engine Loaded
[2026-07-27 18:29:08] [INFO] Subscribed -> system_start
[2026-07-27 18:29:08] [INFO] Event -> system_start
[2026-07-27 18:34:07] [INFO] Subscribed -> system_start
[2026-07-27 18:34:07] [INFO] Settings loaded.
[2026-07-27 18:34:07] [SYSTEM] NeelX Starting...
[2026-07-27 18:34:07] [INFO] Loading Modules
[2026-07-27 18:34:07] [SUCCESS] Logger Initialized Successfully
[2026-07-27 18:34:07] [ANDROID] Android Module Ready
[2026-07-27 18:34:07] [VOICE] Voice Module Ready
[2026-07-27 18:34:07] [GESTURE] Gesture Engine Ready
[2026-07-27 18:34:07] [VISION] Vision Engine Ready
[2026-07-27 18:34:07] [AUTOMATION] Automation Engine Ready
[2026-07-27 18:34:07] [INFO] Event -> system_start
[2026-07-27 18:34:07] [SUCCESS] NeelEngine Started Successfully.
[2026-07-27 18:46:51] [INFO] Subscribed -> system_start
[2026-07-27 18:46:51] [INFO] Settings loaded.
[2026-07-27 18:46:51] [SYSTEM] NeelX Starting...
[2026-07-27 18:46:51] [INFO] Loading Modules
[2026-07-27 18:46:51] [SUCCESS] Logger Initialized Successfully
[2026-07-27 18:46:51] [SUCCESS] Service Registered -> Android
[2026-07-27 18:46:51] [SUCCESS] Service Registered -> Voice
[2026-07-27 18:46:51] [SUCCESS] Service Registered -> Vision
[2026-07-27 18:46:51] [SUCCESS] Service Registered -> Automation
[2026-07-27 18:46:51] [ANDROID] Android Service Started
[2026-07-27 18:46:51] [VOICE] Voice Service Started
[2026-07-27 18:46:51] [VISION] Vision Service Started
[2026-07-27 18:46:51] [AUTOMATION] Automation Service Started
[2026-07-27 18:46:51] [INFO] All Services Started
[2026-07-27 18:46:51] [INFO] Event -> system_start
[2026-07-27 18:46:51] [SUCCESS] NeelEngine Started Successfully.
[2026-07-28 08:51:46] [INFO] Subscribed -> system_start
[2026-07-28 08:51:46] [INFO] Settings loaded.
[2026-07-28 08:51:46] [SYSTEM] NeelX Starting...
[2026-07-28 08:51:46] [INFO] Loading Modules
[2026-07-28 08:51:46] [SUCCESS] Logger Initialized Successfully
[2026-07-28 08:51:46] [SUCCESS] Service Registered -> Android
[2026-07-28 08:51:46] [SUCCESS] Service Registered -> Voice
[2026-07-28 08:51:46] [SUCCESS] Service Registered -> Vision
[2026-07-28 08:51:46] [SUCCESS] Service Registered -> Automation
[2026-07-28 08:51:46] [ANDROID] Android Service Started
[2026-07-28 08:51:46] [VOICE] Voice Service Started
[2026-07-28 08:51:46] [VISION] Vision Service Started
[2026-07-28 08:51:46] [AUTOMATION] Automation Service Started
[2026-07-28 08:51:46] [INFO] All Services Started
[2026-07-28 08:51:46] [SUCCESS] Plugin Registered -> DemoPlugin
[2026-07-28 08:51:46] [INFO] Loading Plugins...
[2026-07-28 08:51:46] [SUCCESS] Demo Plugin Loaded
[2026-07-28 08:51:46] [INFO] All Plugins Loaded
[2026-07-28 08:51:46] [SUCCESS] Plugins Loaded Successfully.
[2026-07-28 08:51:46] [INFO] Event -> system_start
[2026-07-28 08:51:46] [SUCCESS] NeelEngine Started Successfully.
[2026-07-28 08:58:59] [INFO] Subscribed -> system_start
[2026-07-28 08:58:59] [INFO] Settings loaded.
[2026-07-28 08:58:59] [SYSTEM] NeelX Starting...
[2026-07-28 08:58:59] [INFO] Initializing Core...
[2026-07-28 08:58:59] [INFO] Dependency Registered -> NumPy
[2026-07-28 08:58:59] [INFO] Dependency Registered -> OpenCV
[2026-07-28 08:58:59] [INFO] Dependency Registered -> ADB
[2026-07-28 08:58:59] [INFO] Dependency Registered -> Pillow
[2026-07-28 08:58:59] [INFO] Dependency Registered -> Requests
[2026-07-28 08:58:59] [INFO] Checking Dependencies...
[2026-07-28 08:59:01] [SUCCESS] NumPy Installed
[2026-07-28 08:59:01] [SUCCESS] OpenCV Installed
[2026-07-28 08:59:01] [ERROR] ADB Missing
[2026-07-28 08:59:01] [SUCCESS] Pillow Installed
[2026-07-28 08:59:02] [SUCCESS] Requests Installed
[2026-07-28 08:59:02] [INFO] Dependency Check Finished.
[2026-07-28 08:59:02] [SUCCESS] Service Registered -> Android
[2026-07-28 08:59:02] [SUCCESS] Service Registered -> Voice
[2026-07-28 08:59:02] [SUCCESS] Service Registered -> Vision
[2026-07-28 08:59:02] [SUCCESS] Service Registered -> Automation
[2026-07-28 08:59:02] [ANDROID] Android Service Started
[2026-07-28 08:59:02] [VOICE] Voice Service Started
[2026-07-28 08:59:02] [VISION] Vision Service Started
[2026-07-28 08:59:02] [AUTOMATION] Automation Service Started
[2026-07-28 08:59:02] [INFO] All Services Started
[2026-07-28 08:59:02] [SUCCESS] Plugin Registered -> DemoPlugin
[2026-07-28 08:59:02] [INFO] Loading Plugins...
[2026-07-28 08:59:02] [SUCCESS] Demo Plugin Loaded
[2026-07-28 08:59:02] [INFO] All Plugins Loaded
[2026-07-28 08:59:02] [SUCCESS] Plugins Loaded Successfully.
[2026-07-28 08:59:02] [INFO] Event -> system_start
[2026-07-28 08:59:02] [SUCCESS] NeelEngine Started Successfully.
